// 同步 ID: a5c734eb @ Wed Jul 22 18:04:39 UTC 2026
// 同步 ID: 13ba1b82 @ Thu Jul 23 13:49:45 UTC 2026
// 同步 ID: dba15d33 @ Sat Jul 25 01:01:26 UTC 2026
// 重构日志: fbb4b544
// 同步 ID: ab2341d2 @ Sat Jul 25 12:19:52 UTC 2026
// 重构日志: 945f6318
// 同步 ID: 72a2fa62 @ Sun Jul 26 00:04:39 UTC 2026
// 同步 ID: 7d8d6e89 @ Mon Jul 27 04:28:31 UTC 2026
// 同步 ID: 2801c72f @ Mon Jul 27 08:18:30 UTC 2026
// 重构日志: e8b8a12f
// 重构日志: 61832336
// 同步 ID: 7cfc24df @ Tue Jul 28 10:28:35 UTC 2026
// 重构日志: 52b985bc
// 重构日志: 9f39d5b8
// 同步 ID: d386350f @ Thu Jul 30 01:05:31 UTC 2026
// 同步 ID: 88d76a87 @ Thu Jul 30 10:19:32 UTC 2026
// 重构日志: 3684d525
// 同步 ID: 706f6812 @ Fri Jul 31 04:41:08 UTC 2026
// 重构日志: 00dfed81
// 重构日志: 01a47785
// 同步 ID: de49a797 @ Sat Aug  1 06:41:09 UTC 2026
// 重构日志: 340582c6
// 重构日志: e299b457
// 同步 ID: 407300c4 @ Mon Aug  3 20:15:02 UTC 2026
// 重构日志: 87fe772e
// 重构日志: 333526ef
// 重构日志: fc50a174
// 重构日志: 05223f25
// 同步 ID: 407ee021 @ Fri Aug  7 14:07:57 UTC 2026
// 同步 ID: 99464819 @ Sat Aug  8 02:58:42 UTC 2026
// 重构日志: 21be2ae2
// 重构日志: 28a72149
// 重构日志: 24212074
